
> my-v0-project@0.1.0 build
> next build

node.exe : [baselin
e-browser-mapping] 
The data in this 
module is over two 
months old.  To 
ensure accurate 
Baseline data, 
please update: 
`npm i baseline-bro
wser-mapping@latest
 -D`
At line:1 char:1
+ & "C:\Program Fil
es\nodejs/node.exe"
 "C:\Program Files\
nodejs/node_mo ...
+ ~~~~~~~~~~~~~~~~~
~~~~~~~~~~~~~~~~~~~
~~~~~~~~~~~~~~~~~~~
~~~~~~~~~~~~~~
    + CategoryInfo 
             : 
NotSpe    cified: 
([baseli    
ne-brows...ping@   
 latest -D`:Strin  
  g) [], RemoteExc 
   eption
    + 
FullyQualified    
ErrorId : Native   
 CommandError
 
   Γû▓ Next.js 16.0.10 (Turbopack)

   Creating an optimized production build ...
[baseline-browser-m
apping] The data 
in this module is 
over two months 
old.  To ensure 
accurate Baseline 
data, please 
update: `npm i base
line-browser-mappin
g@latest -D`
 Γ£ô Compiled successfully in 4.5s
   Skipping validation of types
   Collecting page data using 7 workers ...
[baseline-browser-m
apping] The data 
in this module is 
over two months 
old.  To ensure 
accurate Baseline 
data, please 
update: `npm i base
line-browser-mappin
g@latest -D`
[baseline-browser-m
apping] The data 
in this module is 
over two months 
old.  To ensure 
accurate Baseline 
data, please 
update: `npm i base
line-browser-mappin
g@latest -D`
[baseline-browser-m
apping] The data 
in this module is 
over two months 
old.  To ensure 
accurate Baseline 
data, please 
update: `npm i base
line-browser-mappin
g@latest -D`
[baseline-browser-m
apping] The data 
in this module is 
over two months 
old.  To ensure 
accurate Baseline 
data, please 
update: `npm i base
line-browser-mappin
g@latest -D`
[baseline-browser-m
apping] The data 
in this module is 
over two months 
old.  To ensure 
accurate Baseline 
data, please 
update: `npm i base
line-browser-mappin
g@latest -D`
[baseline-browser-m
apping] The data 
in this module is 
over two months 
old.  To ensure 
accurate Baseline 
data, please 
update: `npm i base
line-browser-mappin
g@latest -D`
[baseline-browser-m
apping] The data 
in this module is 
over two months 
old.  To ensure 
accurate Baseline 
data, please 
update: `npm i base
line-browser-mappin
g@latest -D`
   Generating static pages using 7 workers (0/9) ...
[baseline-browser-m
apping] The data 
in this module is 
over two months 
old.  To ensure 
accurate Baseline 
data, please 
update: `npm i base
line-browser-mappin
g@latest -D`
   Generating static pages using 7 workers (2/9) 
   Generating static pages using 7 workers (4/9) 
   Generating static pages using 7 workers (6/9) 
 Γ£ô Generating static pages using 7 workers (9/9) in 1397.2ms
   Finalizing page optimization ...

Route (app)
Γöî Γùï /
Γö£ Γùï /_not-found
Γö£ Γùï /dashboard
Γö£ Γùï /destinations
Γö£ Γùï /login
Γö£ Γùï /planner
Γö£ Γùï /profile
Γöö Γùï /signup


Γùï  (Static)  prerendered as static content

